<testsuites id="" name="" tests="2" failures="0" skipped="0" errors="0" time="19.959779">
<testsuite name="..\lecture22\loginFormValidation.spec.js" timestamp="2024-01-29T17:34:09.804Z" hostname="lecture22" tests="2" failures="0" skipped="0" time="17.653" errors="0">
<testcase name="Login Form Validation › should diplay an error message when submitting an empty email" classname="..\lecture22\loginFormValidation.spec.js" time="10.164">
<system-out>
<![CDATA[
[[ATTACHMENT|test-results\loginFormValidation-Login-Form-Validation-shou-1bf20-an-error-message-when-submitting-an-empty-email-lecture22\trace.zip]]
]]>
</system-out>
</testcase>
<testcase name="Login Form Validation › should display an error message when submitting an invalid email" classname="..\lecture22\loginFormValidation.spec.js" time="7.489">
<system-out>
<![CDATA[
[[ATTACHMENT|test-results\loginFormValidation-Login-Form-Validation-shou-e1e00--error-message-when-submitting-an-invalid-email-lecture22\trace.zip]]
]]>
</system-out>
</testcase>
</testsuite>
</testsuites>